{"asctime": "2026-04-02 15:48:15,578", "name": "stlc_platform.api.main", "levelname": "INFO", "message": "STLC API starting up", "pathname": "C:\\Users\\mohan\\Downloads\\Python_Orchestrator\\stlc_platform\\api\\main.py", "lineno": 61, "funcName": "lifespan"}
{"asctime": "2026-04-02 15:48:15,807", "name": "stlc_platform.api.main", "levelname": "INFO", "message": "Agent registry initialised", "pathname": "C:\\Users\\mohan\\Downloads\\Python_Orchestrator\\stlc_platform\\api\\main.py", "lineno": 65, "funcName": "lifespan"}
{"asctime": "2026-04-02 15:48:18,593", "name": "stlc_platform.api.main", "levelname": "INFO", "message": "STLC API shutting down", "pathname": "C:\\Users\\mohan\\Downloads\\Python_Orchestrator\\stlc_platform\\api\\main.py", "lineno": 69, "funcName": "lifespan"}
{"asctime": "2026-04-02 15:48:19,522", "name": "stlc_platform.api.main", "levelname": "INFO", "message": "STLC API starting up", "pathname": "C:\\Users\\mohan\\Downloads\\Python_Orchestrator\\stlc_platform\\api\\main.py", "lineno": 61, "funcName": "lifespan"}
{"asctime": "2026-04-02 15:48:19,750", "name": "stlc_platform.api.main", "levelname": "INFO", "message": "Agent registry initialised", "pathname": "C:\\Users\\mohan\\Downloads\\Python_Orchestrator\\stlc_platform\\api\\main.py", "lineno": 65, "funcName": "lifespan"}
{"asctime": "2026-04-02 15:48:55,322", "name": "stlc_platform.api.main", "levelname": "INFO", "message": "STLC API starting up", "pathname": "C:\\Users\\mohan\\Downloads\\Python_Orchestrator\\stlc_platform\\api\\main.py", "lineno": 61, "funcName": "lifespan"}
{"asctime": "2026-04-02 15:48:55,536", "name": "stlc_platform.api.main", "levelname": "INFO", "message": "Agent registry initialised", "pathname": "C:\\Users\\mohan\\Downloads\\Python_Orchestrator\\stlc_platform\\api\\main.py", "lineno": 65, "funcName": "lifespan"}
{"asctime": "2026-04-02 15:49:13,694", "name": "stlc_platform.api.deps", "levelname": "INFO", "message": "Loaded 19 historic runs from disk", "pathname": "C:\\Users\\mohan\\Downloads\\Python_Orchestrator\\stlc_platform\\api\\deps.py", "lineno": 49, "funcName": "_load_from_disk"}
{"asctime": "2026-04-02 15:49:13,707", "name": "stlc_platform.api.routes.test_cases", "levelname": "INFO", "message": "Populated 51 test cases into API store", "pathname": "C:\\Users\\mohan\\Downloads\\Python_Orchestrator\\stlc_platform\\api\\routes\\test_cases.py", "lineno": 53, "funcName": "populate_test_cases"}
{"asctime": "2026-04-02 15:49:13,707", "name": "stlc_platform.api.routes.test_cases", "levelname": "INFO", "message": "Auto-loaded 51 test cases from latest run '5c281d50'", "pathname": "C:\\Users\\mohan\\Downloads\\Python_Orchestrator\\stlc_platform\\api\\routes\\test_cases.py", "lineno": 92, "funcName": "_load_latest_run_if_empty"}
{"asctime": "2026-04-02 15:49:29,869", "name": "stlc_platform.api.routes.bdd", "levelname": "INFO", "message": "Populated 5 feature files into API store", "pathname": "C:\\Users\\mohan\\Downloads\\Python_Orchestrator\\stlc_platform\\api\\routes\\bdd.py", "lineno": 56, "funcName": "populate_feature_files"}
{"asctime": "2026-04-02 15:49:29,869", "name": "stlc_platform.api.routes.bdd", "levelname": "INFO", "message": "Auto-loaded 5 feature files from latest run '5c281d50'", "pathname": "C:\\Users\\mohan\\Downloads\\Python_Orchestrator\\stlc_platform\\api\\routes\\bdd.py", "lineno": 99, "funcName": "_load_latest_run_if_empty"}
{"asctime": "2026-04-03 22:35:35,247", "name": "stlc_platform.api.main", "levelname": "INFO", "message": "STLC API shutting down", "pathname": "C:\\Users\\mohan\\Downloads\\Python_Orchestrator\\stlc_platform\\api\\main.py", "lineno": 69, "funcName": "lifespan"}
{"asctime": "2026-04-03 22:36:11,299", "name": "stlc_platform.api.main", "levelname": "INFO", "message": "STLC API starting up", "pathname": "C:\\Users\\mohan\\Downloads\\Python_Orchestrator\\stlc_platform\\api\\main.py", "lineno": 61, "funcName": "lifespan"}
{"asctime": "2026-04-03 22:36:12,635", "name": "stlc_platform.api.main", "levelname": "INFO", "message": "Agent registry initialised", "pathname": "C:\\Users\\mohan\\Downloads\\Python_Orchestrator\\stlc_platform\\api\\main.py", "lineno": 65, "funcName": "lifespan"}
{"asctime": "2026-04-03 22:36:19,561", "name": "stlc_platform.api.deps", "levelname": "INFO", "message": "Loaded 19 historic runs from disk", "pathname": "C:\\Users\\mohan\\Downloads\\Python_Orchestrator\\stlc_platform\\api\\deps.py", "lineno": 49, "funcName": "_load_from_disk"}
{"asctime": "2026-04-03 22:36:21,451", "name": "stlc_platform.api.routes.test_cases", "levelname": "INFO", "message": "Populated 51 test cases into API store", "pathname": "C:\\Users\\mohan\\Downloads\\Python_Orchestrator\\stlc_platform\\api\\routes\\test_cases.py", "lineno": 53, "funcName": "populate_test_cases"}
{"asctime": "2026-04-03 22:36:21,452", "name": "stlc_platform.api.routes.test_cases", "levelname": "INFO", "message": "Auto-loaded 51 test cases from latest run '5c281d50'", "pathname": "C:\\Users\\mohan\\Downloads\\Python_Orchestrator\\stlc_platform\\api\\routes\\test_cases.py", "lineno": 92, "funcName": "_load_latest_run_if_empty"}
{"asctime": "2026-04-03 22:36:43,007", "name": "stlc_platform.api.routes.bdd", "levelname": "INFO", "message": "Populated 5 feature files into API store", "pathname": "C:\\Users\\mohan\\Downloads\\Python_Orchestrator\\stlc_platform\\api\\routes\\bdd.py", "lineno": 56, "funcName": "populate_feature_files"}
{"asctime": "2026-04-03 22:36:43,007", "name": "stlc_platform.api.routes.bdd", "levelname": "INFO", "message": "Auto-loaded 5 feature files from latest run '5c281d50'", "pathname": "C:\\Users\\mohan\\Downloads\\Python_Orchestrator\\stlc_platform\\api\\routes\\bdd.py", "lineno": 99, "funcName": "_load_latest_run_if_empty"}
{"asctime": "2026-04-03 22:43:20,323", "name": "stlc_platform.api.main", "levelname": "INFO", "message": "STLC API shutting down", "pathname": "C:\\Users\\mohan\\Downloads\\Python_Orchestrator\\stlc_platform\\api\\main.py", "lineno": 69, "funcName": "lifespan"}
{"asctime": "2026-04-03 22:43:21,508", "name": "stlc_platform.api.main", "levelname": "INFO", "message": "STLC API starting up", "pathname": "C:\\Users\\mohan\\Downloads\\Python_Orchestrator\\stlc_platform\\api\\main.py", "lineno": 61, "funcName": "lifespan"}
{"asctime": "2026-04-03 22:43:21,804", "name": "stlc_platform.api.main", "levelname": "INFO", "message": "Agent registry initialised", "pathname": "C:\\Users\\mohan\\Downloads\\Python_Orchestrator\\stlc_platform\\api\\main.py", "lineno": 65, "funcName": "lifespan"}
{"asctime": "2026-04-03 22:43:26,657", "name": "stlc_platform.api.main", "levelname": "INFO", "message": "STLC API shutting down", "pathname": "C:\\Users\\mohan\\Downloads\\Python_Orchestrator\\stlc_platform\\api\\main.py", "lineno": 69, "funcName": "lifespan"}
{"asctime": "2026-04-03 22:43:27,829", "name": "stlc_platform.api.main", "levelname": "INFO", "message": "STLC API starting up", "pathname": "C:\\Users\\mohan\\Downloads\\Python_Orchestrator\\stlc_platform\\api\\main.py", "lineno": 61, "funcName": "lifespan"}
{"asctime": "2026-04-03 22:43:28,081", "name": "stlc_platform.api.main", "levelname": "INFO", "message": "Agent registry initialised", "pathname": "C:\\Users\\mohan\\Downloads\\Python_Orchestrator\\stlc_platform\\api\\main.py", "lineno": 65, "funcName": "lifespan"}
{"asctime": "2026-04-03 22:43:31,732", "name": "stlc_platform.api.main", "levelname": "INFO", "message": "STLC API shutting down", "pathname": "C:\\Users\\mohan\\Downloads\\Python_Orchestrator\\stlc_platform\\api\\main.py", "lineno": 69, "funcName": "lifespan"}
{"asctime": "2026-04-03 22:43:32,825", "name": "stlc_platform.api.main", "levelname": "INFO", "message": "STLC API starting up", "pathname": "C:\\Users\\mohan\\Downloads\\Python_Orchestrator\\stlc_platform\\api\\main.py", "lineno": 61, "funcName": "lifespan"}
{"asctime": "2026-04-03 22:43:33,056", "name": "stlc_platform.api.main", "levelname": "INFO", "message": "Agent registry initialised", "pathname": "C:\\Users\\mohan\\Downloads\\Python_Orchestrator\\stlc_platform\\api\\main.py", "lineno": 65, "funcName": "lifespan"}
{"asctime": "2026-04-03 22:45:32,099", "name": "stlc_platform.api.main", "levelname": "INFO", "message": "STLC API shutting down", "pathname": "C:\\Users\\mohan\\Downloads\\Python_Orchestrator\\stlc_platform\\api\\main.py", "lineno": 69, "funcName": "lifespan"}
{"asctime": "2026-04-03 22:46:15,653", "name": "stlc_platform.api.main", "levelname": "INFO", "message": "STLC API starting up", "pathname": "C:\\Users\\mohan\\Downloads\\Python_Orchestrator\\stlc_platform\\api\\main.py", "lineno": 61, "funcName": "lifespan"}
{"asctime": "2026-04-03 22:46:15,888", "name": "stlc_platform.api.main", "levelname": "INFO", "message": "Agent registry initialised", "pathname": "C:\\Users\\mohan\\Downloads\\Python_Orchestrator\\stlc_platform\\api\\main.py", "lineno": 65, "funcName": "lifespan"}
{"asctime": "2026-04-03 22:46:30,219", "name": "stlc_platform.api.routes.test_cases", "levelname": "INFO", "message": "Populated 51 test cases into API store", "pathname": "C:\\Users\\mohan\\Downloads\\Python_Orchestrator\\stlc_platform\\api\\routes\\test_cases.py", "lineno": 54, "funcName": "populate_test_cases"}
{"asctime": "2026-04-03 22:46:30,220", "name": "stlc_platform.api.routes.test_cases", "levelname": "INFO", "message": "Auto-loaded 51 test cases from latest run '5c281d50'", "pathname": "C:\\Users\\mohan\\Downloads\\Python_Orchestrator\\stlc_platform\\api\\routes\\test_cases.py", "lineno": 93, "funcName": "_load_latest_run_if_empty"}
{"asctime": "2026-04-03 22:47:40,359", "name": "stlc_platform.api.deps", "levelname": "INFO", "message": "Loaded 19 historic runs from disk", "pathname": "C:\\Users\\mohan\\Downloads\\Python_Orchestrator\\stlc_platform\\api\\deps.py", "lineno": 49, "funcName": "_load_from_disk"}
